<div data-v-238b2ed5="" class="v-container v-locale--is-ltr">
  <h1 data-v-238b2ed5="">Merge Intervals</h1>
  <!--v-if-->
  <!--v-if-->
  <form data-v-238b2ed5="" class="v-form pt-8" novalidate="">
    <div data-v-238b2ed5="" class="v-input v-input--horizontal v-input--density-default v-theme--light v-locale--is-ltr v-textarea v-text-field">
      <!---->
      <div class="v-input__control">
        <div class="v-field v-field--variant-filled v-theme--light v-locale--is-ltr">
          <div class="v-field__overlay"></div>
          <div class="v-field__loader">
            <div class="v-progress-linear v-theme--light v-locale--is-ltr" style="top: 0px; height: 0px; --v-progress-linear-height: 2px;" role="progressbar" aria-hidden="true" aria-valuemin="0" aria-valuemax="100">
              <!---->
              <div class="v-progress-linear__background"></div>
              <div class="v-progress-linear__buffer" style="width: 0%;"></div>
              <transition-stub name="fade-transition" appear="false" persisted="false" css="true">
                <div class="v-progress-linear__indeterminate">
                  <div class="v-progress-linear__indeterminate long"></div>
                  <div class="v-progress-linear__indeterminate short"></div>
                </div>
              </transition-stub>
              <!---->
            </div>
          </div>
          <!---->
          <div class="v-field__field" data-no-activator=""><label class="v-label v-field-label v-field-label--floating" aria-hidden="true" for="input-0">
              <!---->Intervals
            </label><label class="v-label v-field-label" for="input-0">
              <!---->Intervals
            </label>
            <!----><textarea class="v-field__input" placeholder="[25,30] [2,19] [14,23] [4,8]" rows="5" id="input-0" aria-describedby="input-0-messages"></textarea>
            <!---->
            <!---->
          </div>
          <!---->
          <!---->
          <div class="v-field__outline">
            <!---->
            <!---->
          </div>
        </div>
      </div>
      <!---->
      <div class="v-input__details">
        <transition-group-stub name="slide-y-transition" tag="div" appear="false" persisted="false" css="true" class="v-messages" role="alert" aria-live="polite" id="input-0-messages">
          <!---->
        </transition-group-stub>
        <!---->
      </div>
    </div><button data-v-238b2ed5="" type="submit" class="v-btn v-btn--elevated v-theme--light bg-green v-btn--density-default v-btn--size-default v-btn--variant-elevated mt-4" id="merge"><span class="v-btn__overlay"></span><span class="v-btn__underlay"></span>
      <!----><span class="v-btn__content" data-no-activator="">Merge</span>
      <!---->
      <!---->
    </button><button data-v-238b2ed5="" type="button" class="v-btn v-btn--elevated v-theme--light bg-blue v-btn--density-default v-btn--size-default v-btn--variant-elevated mt-4 ml-4" id="reset"><span class="v-btn__overlay"></span><span class="v-btn__underlay"></span>
      <!----><span class="v-btn__content" data-no-activator="">Reset</span>
      <!---->
      <!---->
    </button>
  </form>
  <!--v-if-->
</div>