<div class="v-alert v-theme--light bg-error v-alert--density-default v-alert--variant-flat mt-8" role="alert" id="error">
  <!----><span class="v-alert__underlay"></span>
  <!---->
  <div class="v-alert__prepend"><i class="mdi-close-circle mdi v-icon notranslate v-theme--light" style="font-size: 28px; height: 28px; width: 28px;" aria-hidden="true" density="default"></i></div>
  <div class="v-alert__content">
    <!---->
    <!---->
    <ul>
      <li>Not an interval: abc</li>
      <li>Not an interval: def</li>
      <li>Not an interval: 4,8 ghi</li>
      <li>Invalid interval: [14, 23a]</li>
    </ul>
  </div>
  <!---->
  <!---->
</div>